{
  "key": 2251799813685250,
  "processs": [
    {
      "bpmnProcessId": "process",
      "version": 1,
      "processKey": 2251799813685345,
      "resourceName": "model.bpmn"
    },
    {
      "bpmnProcessId": "jobProcess",
      "version": 1,
      "processKey": 2251799813685346,
      "resourceName": "job.bpmn"
    }
  ]
}
